// Jest Snapshot v1, https://goo.gl/fbAQLP

exports[`Permitable tryPermit branches permits IDaiLikePermit 1`] = `81334n`;

exports[`Permitable tryPermit branches permits IDaiLikePermit compact 1`] = `79957n`;

exports[`Permitable tryPermit branches permits IERC20Permit 1`] = `78557n`;

exports[`Permitable tryPermit branches permits IERC20Permit compact 1`] = `77433n`;

exports[`Permitable tryPermit branches permits IERC7597Permit with a 0-byte signature 1`] = `78153n`;

exports[`Permitable tryPermit branches permits IERC7597Permit with a 1-byte signature 1`] = `78323n`;

exports[`Permitable tryPermit branches permits IERC7597Permit with a 32-byte signature 1`] = `78695n`;

exports[`Permitable tryPermit branches permits IERC7597Permit with a 33-byte signature 1`] = `78854n`;

exports[`Permitable tryPermit branches permits IERC7597Permit with a 64-byte signature 1`] = `79226n`;

exports[`Permitable tryPermit branches permits IERC7597Permit with a 65-byte signature 1`] = `79396n`;

exports[`Permitable tryPermit branches permits IERC7597Permit with a 128-byte signature 1`] = `80298n`;

exports[`Permitable tryPermit branches permits IERC7597Permit with a 129-byte signature 1`] = `80456n`;

exports[`Permitable tryPermit branches permits IERC7597Permit with a 142-byte signature 1`] = `80612n`;

exports[`Permitable tryPermit branches permits IERC7597Permit with a 160-byte signature 1`] = `80828n`;

exports[`Permitable tryPermit branches permits IERC7597Permit with a 161-byte signature 1`] = `80987n`;

exports[`Permitable tryPermit branches permits IPermit2 1`] = `59501n`;

exports[`Permitable tryPermit branches permits IPermit2 compact 1`] = `57791n`;
